[ 2025-06-13 12:03:36,932 ]32 root - INFO - Starting Data Ingestion process
[ 2025-06-13 12:03:36,933 ]37 root - INFO - Exporting collection as DataFrame
[ 2025-06-13 12:03:36,933 ]46 root - INFO - Exporting collection as DataFrame
[ 2025-06-13 12:03:36,934 ]49 root - INFO - Connecting to MongoDB database: NetworkSecurity_Vivek, collection: NetworkData_Records
[ 2025-06-13 12:03:37,529 ]53 root - INFO - Fetching data from MongoDB collection
[ 2025-06-13 12:03:37,529 ]55 root - INFO - Converting MongoDB collection to DataFrame
[ 2025-06-13 12:03:37,530 ]88 pymongo.serverSelection - DEBUG - {"message": "Server selection started", "selector": "Primary()", "operation": "find", "topologyDescription": "<TopologyDescription id: 684bc64130bb81c94932612f, topology_type: ReplicaSetNoPrimary, servers: [<ServerDescription ('ac-dibrevz-shard-00-00.cpdb7m9.mongodb.net', 27017) server_type: Unknown, rtt: None>, <ServerDescription ('ac-dibrevz-shard-00-01.cpdb7m9.mongodb.net', 27017) server_type: Unknown, rtt: None>, <ServerDescription ('ac-dibrevz-shard-00-02.cpdb7m9.mongodb.net', 27017) server_type: Unknown, rtt: None>]>", "clientId": {"$oid": "684bc64130bb81c94932612f"}}
[ 2025-06-13 12:03:37,532 ]96 pymongo.serverSelection - INFO - {"message": "Waiting for suitable server to become available", "selector": "Primary()", "operation": "find", "topologyDescription": "<TopologyDescription id: 684bc64130bb81c94932612f, topology_type: ReplicaSetNoPrimary, servers: [<ServerDescription ('ac-dibrevz-shard-00-00.cpdb7m9.mongodb.net', 27017) server_type: Unknown, rtt: None>, <ServerDescription ('ac-dibrevz-shard-00-01.cpdb7m9.mongodb.net', 27017) server_type: Unknown, rtt: None>, <ServerDescription ('ac-dibrevz-shard-00-02.cpdb7m9.mongodb.net', 27017) server_type: Unknown, rtt: None>]>", "clientId": {"$oid": "684bc64130bb81c94932612f"}, "remainingTimeMS": 30}
[ 2025-06-13 12:03:37,668 ]88 pymongo.serverSelection - DEBUG - {"message": "Server selection succeeded", "selector": "Primary()", "operation": "find", "topologyDescription": "<TopologyDescription id: 684bc64130bb81c94932612f, topology_type: ReplicaSetWithPrimary, servers: [<ServerDescription ('ac-dibrevz-shard-00-00.cpdb7m9.mongodb.net', 27017) server_type: Unknown, rtt: None>, <ServerDescription ('ac-dibrevz-shard-00-01.cpdb7m9.mongodb.net', 27017) server_type: Unknown, rtt: None>, <ServerDescription ('ac-dibrevz-shard-00-02.cpdb7m9.mongodb.net', 27017) server_type: RSPrimary, rtt: 0.03200000000651926>]>", "clientId": {"$oid": "684bc64130bb81c94932612f"}, "serverHost": "ac-dibrevz-shard-00-02.cpdb7m9.mongodb.net", "serverPort": 27017}
[ 2025-06-13 12:03:37,872 ]88 pymongo.command - DEBUG - {"clientId": {"$oid": "684bc64130bb81c94932612f"}, "message": "Command started", "command": "{\"find\": \"NetworkData_Records\", \"lsid\": {\"id\": {\"$binary\": {\"base64\": \"18UGV+qzQWefA4jgE+3nYQ==\", \"subType\": \"04\"}}}, \"$clusterTime\": {\"clusterTime\": {\"$timestamp\": {\"t\": 1749796414, \"i\": 1}}, \"signature\": {\"hash\": {\"$binary\": {\"base64\": \"bfCqC/ZrHsIDhS6jqYr32SUFwTg=\", \"subType\": \"00\"}}, \"keyId\": 7496451397500534789}}, \"$db\": \"NetworkSecurity_Vivek\"}", "commandName": "find", "databaseName": "NetworkSecurity_Vivek", "requestId": 26500, "operationId": 26500, "driverConnectionId": 1, "serverConnectionId": 14979, "serverHost": "ac-dibrevz-shard-00-02.cpdb7m9.mongodb.net", "serverPort": 27017}
[ 2025-06-13 12:03:37,955 ]88 pymongo.command - DEBUG - {"clientId": {"$oid": "684bc64130bb81c94932612f"}, "message": "Command succeeded", "durationMS": 83.646, "reply": "{\"cursor\": {\"firstBatch\": [{\"_id\": {\"$oid\": \"684ab464121d8963264e8682\"}, \"having_IP_Address\": 1, \"Shortining_Service\": 1, \"having_At_Symbol\": 1, \"double_slash_redirecting\": 1, \"Prefix_Suffix\": -1, \"having_Sub_Domain\": -1, \"SSLfinal_State\": -1, \"Domain_registeration_length\": 1, \"Favicon\": 1, \"port\": 1, \"HTTPS_token\": -1, \"Request_URL\": -1, \"Links_in_tags\": -1, \"SFH\": -1, \"Submitting_to_email\": 1, \"Abnormal_URL\": 1, \"on_mouseover\": 1, \"RightClick\": 1, \"popUpWidnow\": 1, \"Iframe\": 1, \"age_of_domain\": -1, \"DNSRecord\": -1, \"Page_Rank\": -1, \"Google_Index\": 1, \"Statistical_report\": 1, \"Result\": -1}, {\"_id\": {\"$oid\": \"684ab464121d8963264e868b\"}, \"having_IP_Address\": 1, \"URL_Length\": -1, \"Shortining_Service\": -1, \"having_At_Symbol\": 1, \"double_slash_redirecting\": 1, \"Prefix_Suffix\": -1, \"having_Sub_Domain\": 1, \"SSLfinal_State\": 1, \"Domain_registeration_length\": -1, \"Favicon\": 1, \"port\": 1, \"HTTPS_token\": -1, \"Request_URL\": 1, \"Links_in_tags\": -1, \"SFH\": -1, \"Submitting_to_email\": -1, \"Abnormal_U...", "commandName": "find", "databaseName": "NetworkSecurity_Vivek", "requestId": 26500, "operationId": 26500, "driverConnectionId": 1, "serverConnectionId": 14979, "serverHost": "ac-dibrevz-shard-00-02.cpdb7m9.mongodb.net", "serverPort": 27017}
[ 2025-06-13 12:03:37,961 ]88 pymongo.serverSelection - DEBUG - {"message": "Server selection started", "selector": "<function any_server_selector at 0x000001EC9012A2A0>", "operation": "getMore", "topologyDescription": "<TopologyDescription id: 684bc64130bb81c94932612f, topology_type: ReplicaSetWithPrimary, servers: [<ServerDescription ('ac-dibrevz-shard-00-00.cpdb7m9.mongodb.net', 27017) server_type: RSSecondary, rtt: 0.03200000000651926>, <ServerDescription ('ac-dibrevz-shard-00-01.cpdb7m9.mongodb.net', 27017) server_type: RSSecondary, rtt: 0.031000000017229468>, <ServerDescription ('ac-dibrevz-shard-00-02.cpdb7m9.mongodb.net', 27017) server_type: RSPrimary, rtt: 0.03200000000651926>]>", "clientId": {"$oid": "684bc64130bb81c94932612f"}}
[ 2025-06-13 12:03:37,962 ]88 pymongo.serverSelection - DEBUG - {"message": "Server selection succeeded", "selector": "<function any_server_selector at 0x000001EC9012A2A0>", "operation": "getMore", "topologyDescription": "<TopologyDescription id: 684bc64130bb81c94932612f, topology_type: ReplicaSetWithPrimary, servers: [<ServerDescription ('ac-dibrevz-shard-00-00.cpdb7m9.mongodb.net', 27017) server_type: RSSecondary, rtt: 0.03200000000651926>, <ServerDescription ('ac-dibrevz-shard-00-01.cpdb7m9.mongodb.net', 27017) server_type: RSSecondary, rtt: 0.031000000017229468>, <ServerDescription ('ac-dibrevz-shard-00-02.cpdb7m9.mongodb.net', 27017) server_type: RSPrimary, rtt: 0.03200000000651926>]>", "clientId": {"$oid": "684bc64130bb81c94932612f"}, "serverHost": "ac-dibrevz-shard-00-02.cpdb7m9.mongodb.net", "serverPort": 27017}
[ 2025-06-13 12:03:37,964 ]88 pymongo.command - DEBUG - {"clientId": {"$oid": "684bc64130bb81c94932612f"}, "message": "Command started", "command": "{\"getMore\": 3632570696986177962, \"collection\": \"NetworkData_Records\", \"lsid\": {\"id\": {\"$binary\": {\"base64\": \"18UGV+qzQWefA4jgE+3nYQ==\", \"subType\": \"04\"}}}, \"$clusterTime\": {\"clusterTime\": {\"$timestamp\": {\"t\": 1749796414, \"i\": 1}}, \"signature\": {\"hash\": {\"$binary\": {\"base64\": \"bfCqC/ZrHsIDhS6jqYr32SUFwTg=\", \"subType\": \"00\"}}, \"keyId\": 7496451397500534789}}, \"$db\": \"NetworkSecurity_Vivek\"}", "commandName": "getMore", "databaseName": "NetworkSecurity_Vivek", "requestId": 19169, "operationId": 19169, "driverConnectionId": 1, "serverConnectionId": 14979, "serverHost": "ac-dibrevz-shard-00-02.cpdb7m9.mongodb.net", "serverPort": 27017}
[ 2025-06-13 12:03:39,540 ]88 pymongo.command - DEBUG - {"clientId": {"$oid": "684bc64130bb81c94932612f"}, "message": "Command succeeded", "durationMS": 1575.9479999999999, "reply": "{\"cursor\": {\"nextBatch\": [{\"_id\": {\"$oid\": \"684ab464121d8963264e87e3\"}, \"having_IP_Address\": 1, \"URL_Length\": -1, \"Shortining_Service\": 1, \"having_At_Symbol\": 1, \"double_slash_redirecting\": 1, \"Prefix_Suffix\": -1, \"having_Sub_Domain\": -1, \"SSLfinal_State\": -1, \"Domain_registeration_length\": 1, \"Favicon\": 1, \"port\": 1, \"HTTPS_token\": 1, \"Request_URL\": 1, \"URL_of_Anchor\": -1, \"Links_in_tags\": -1, \"SFH\": -1, \"Submitting_to_email\": 1, \"Abnormal_URL\": 1, \"on_mouseover\": 1, \"RightClick\": 1, \"popUpWidnow\": 1, \"Iframe\": 1, \"age_of_domain\": -1, \"DNSRecord\": -1, \"web_traffic\": -1, \"Page_Rank\": -1, \"Google_Index\": 1, \"Statistical_report\": 1, \"Result\": -1}, {\"_id\": {\"$oid\": \"684ab464121d8963264e87e5\"}, \"having_IP_Address\": 1, \"URL_Length\": -1, \"Shortining_Service\": 1, \"having_At_Symbol\": 1, \"double_slash_redirecting\": 1, \"Prefix_Suffix\": -1, \"having_Sub_Domain\": -1, \"SSLfinal_State\": 1, \"Domain_registeration_length\": 1, \"Favicon\": -1, \"port\": 1, \"HTTPS_token\": 1, \"Request_URL\": -1, \"URL_of_Anchor\"...", "commandName": "getMore", "databaseName": "NetworkSecurity_Vivek", "requestId": 19169, "operationId": 19169, "driverConnectionId": 1, "serverConnectionId": 14979, "serverHost": "ac-dibrevz-shard-00-02.cpdb7m9.mongodb.net", "serverPort": 27017}
[ 2025-06-13 12:03:39,678 ]110 root - INFO - Exported collection as DataFrame successfully
[ 2025-06-13 12:03:39,679 ]68 root - INFO - Exporting data into Feature Store
[ 2025-06-13 12:03:39,693 ]73 root - INFO - Saving DataFrame to Artifacts\2025-06-13_12-03-35\data_ingestion\feature_store\phisingData.csv
[ 2025-06-13 12:03:39,790 ]112 root - INFO - Data exported into feature store successfully
[ 2025-06-13 12:03:39,790 ]81 root - INFO - Splitting data into train and test sets
[ 2025-06-13 12:03:39,793 ]85 root - INFO - Train-test split completed successfully
[ 2025-06-13 12:03:39,795 ]91 root - INFO - Exporting train and test files
[ 2025-06-13 12:03:39,884 ]114 root - INFO - Data split into train and test sets successfully
[ 2025-06-13 12:03:39,884 ]120 root - INFO - Data ingestion completed successfully
[ 2025-06-13 12:03:39,885 ]40 root - INFO - Data Ingestion Artifact created successfully
[ 2025-06-13 12:03:39,885 ]45 root - INFO - Data Ingestion process completed successfully
[ 2025-06-13 12:03:39,886 ]46 root - INFO - Exiting Data Ingestion process
[ 2025-06-13 12:03:39,886 ]47 root - INFO - Starting Data Validation process
[ 2025-06-13 12:03:39,886 ]14 root - INFO - Reading YAML file from: data_schema\schema.yaml
[ 2025-06-13 12:03:39,894 ]50 root - INFO - Validating data
[ 2025-06-13 12:03:39,894 ]87 root - INFO - Starting data validation process.
[ 2025-06-13 12:03:39,895 ]28 root - INFO - Reading data from Artifacts\2025-06-13_12-03-35\data_ingestion\ingested\train.csv
[ 2025-06-13 12:03:39,922 ]28 root - INFO - Reading data from Artifacts\2025-06-13_12-03-35\data_ingestion\ingested\test.csv
[ 2025-06-13 12:03:39,934 ]36 root - INFO - Required number of columns: 31
[ 2025-06-13 12:03:39,934 ]37 root - INFO - Data frame has columns: 31
[ 2025-06-13 12:03:39,936 ]36 root - INFO - Required number of columns: 31
[ 2025-06-13 12:03:39,936 ]37 root - INFO - Data frame has columns: 31
[ 2025-06-13 12:03:39,936 ]45 root - INFO - Numeric columns defined in schema: ['having_IP_Address', 'URL_Length', 'Shortining_Service', 'having_At_Symbol', 'double_slash_redirecting', 'Prefix_Suffix', 'having_Sub_Domain', 'SSLfinal_State', 'Domain_registeration_length', 'Favicon', 'port', 'HTTPS_token', 'Request_URL', 'URL_of_Anchor', 'Links_in_tags', 'SFH', 'Submitting_to_email', 'Abnormal_URL', 'Redirect', 'on_mouseover', 'RightClick', 'popUpWidnow', 'Iframe', 'age_of_domain', 'DNSRecord', 'web_traffic', 'Page_Rank', 'Google_Index', 'Links_pointing_to_page', 'Statistical_report', 'Result']
[ 2025-06-13 12:03:39,939 ]45 root - INFO - Numeric columns defined in schema: ['having_IP_Address', 'URL_Length', 'Shortining_Service', 'having_At_Symbol', 'double_slash_redirecting', 'Prefix_Suffix', 'having_Sub_Domain', 'SSLfinal_State', 'Domain_registeration_length', 'Favicon', 'port', 'HTTPS_token', 'Request_URL', 'URL_of_Anchor', 'Links_in_tags', 'SFH', 'Submitting_to_email', 'Abnormal_URL', 'Redirect', 'on_mouseover', 'RightClick', 'popUpWidnow', 'Iframe', 'age_of_domain', 'DNSRecord', 'web_traffic', 'Page_Rank', 'Google_Index', 'Links_pointing_to_page', 'Statistical_report', 'Result']
[ 2025-06-13 12:03:40,225 ]125 root - WARNING - Drift detected between train and test datasets.
[ 2025-06-13 12:03:40,225 ]137 root - INFO - Data validation completed successfully.
[ 2025-06-13 12:03:40,226 ]52 root - INFO - Data Validation completed successfully
